// Jest Snapshot v1, https://goo.gl/fbAQLP

exports[`render edit expense page 1`] = `
<div>
  <ExpenseForm
    expense={
      Object {
        "id": "101",
      }
    }
    onSubmit={[Function]}
  />
  <button
    onClick={[Function]}
  >
    Remove
  </button>
</div>
`;
