// Jest Snapshot v1, https://goo.gl/fbAQLP

exports[`Login page snapshot 1`] = `
<div>
  <h1>
    Wecome to Expensify
  </h1>
  <button>
    Login
  </button>
</div>
`;
